(GlcNAc)6
2'-chloro-4-nitrophenyl beta-D-lactoside
4-methylumbellifery-alpha-D-mannopyranoside
4-methylumbelliferyl beta-D-cellobioside
4-methylumbelliferyl beta-D-glucoside
4-methylumbelliferyl-beta-D-xyloside
4-O-methyl glucosyluronic acid xylooligosaccharide
4-O-methyl-D-glucurono-D-xylan-Remazol Brilliant Blue R
5-bromo-4-chloro-3-indolyl-alpha-D-galactopyranoside
6-beta-D-glucan
aldotriouronic acid-aldobiuronic acid
algal beta-1,3-1,6-galactan
alpha-1,5-L-arabinan
alpha-methyl-glucoside
alpha-nitrophenyl alpha-D-glucopyranoside
amorphous cellulose
amygdalin
amylose
arabinan
arabino-glucuronoxylan
arabinooligosaccharides
arabinoxylan
aryl-beta-D-xylopyranoside
aspen wood
Avicel
azurine cross-linked hydroxyethyl cellulose
bacterial cell wall
baker's yeast mannan
barley beta-glucan
beech wood
BEPS-XG
beta-1,4-glycan
beta-1,6-galactobiose
beta-D-fucopyranoside
beta-glucan
birch wood
birchwood hemicellulose
carboxymethyl cellulose
cellobiose
cellooligosaccharides
cellulose
chitin
chitosan
collodial chitin
corn cob
cotton
curdulan
debranched sugar beet arabinan
dextran
Dinitrosalicylic acid-Man(6)GlcAc(2)Asn
esculin
ethylene glycol chitin
exparto grass xylan
fructose
Gal2Man5
galactan
galactomannan
galactomannan
galacturonic acid
gellan gum
gentiobiose
glucomannan
glucose
glucuronoxylan
glycerol
guar gum
gum arabic
hesperidin
hydroxymethyl cellulose
inulin
inulooligosaccharides
ketose
kojibiose
konjac flour
L-arabinose
L-arabitol
lactose
laminaribiose
laminarin
larch wood
lemon pectin
levan
lichenan
locust bean gum
lupin
maltooligosaccharides
maltose
Man-alpha-1,2-man-alpha-OCH3
Man(alpha-1,2)ManOMe
mannan
melibiose
methyl-beta-glucoside
methyl-beta-xylopyranoside
methyl-O-alpha-D-glucosiduronic acid
methylumbelliferyl beta-D-cellobioside
methylumbelliferyl beta-D-lactoside
methylumbelliferyl-(GlcNAc)3
methylumbelliferyl-N,N’-diacetylchitobioside
microcrystalline cellulose
mutan
N-acetyl-beta-D-galactosamine
N-acetyl-beta-D-glucosamine
N-acetylglucosamine
naringin
nigerose
nystose
O-acetyl-4-O-glucuronoxylan
o-nirtophenyl-beta-D-galactopyranoside
o-nitrophenyl-beta-D-cellobioside
oat spelt xylan
oetic galactan
oligoxyloglucan heptasaccharide
Ostazin Brilliant Red H-3B hydroxyethyl cellulose
Ostazin Brilliant Red locust bean gum
pachyman
pectate
pectin
phosphate cellulose
phosphoric acid swollen Avicel
phosphoric-acid swollen cellulose
pNP alpha-L-arabinofuranoside
pNP beta-xylopyranoside
pNP-alpha-D-galactopyranoside
pNP-alpha-D-glucopyranoside
pNP-alpha-D-mannopyranoside
pNP-alpha-glucuronide
pNP-alpha-L-arabinopyranoside
pNP-alpha-L-rhamnopyranoside
pNP-alpha-xylopyranoside
pNP-beta-D galactoside
pNP-beta-D-cellobiose
pNP-beta-D-cellobioside
pNP-beta-D-fucoside
pNP-beta-D-glucopyranoside
pNP-beta-D-glucose
pNP-beta-D-lactoside
pNP-beta-D-mannopyranoside
pNP-beta-D-xylose
pNP-beta-N-acetylgalactosamine
pNP-beta-N-glucosamine
pNP-chitooligoside
pNP-rhamnoside
polygalacturonate
polygalacturonic acid
protopectin
pullulan
pustulan
quercitrin
raffinose
RBB-xylan
rhamnogalacturonan
rhamnooligosaccharides
rhodymenan
rice straw
rutin
rye
S-glucan
salicin
scleroglucan
sodium-carboxymethyl cellulose
sophorose
stachyose
starch
sucrose
sugar beet arabinan
sugar cane bagasse
tamarind
Toyo Roshi filter paper
transgalactooligosaccharides
trehalose
umbelliferyl-lactoside
viscose rayon
wheat
wheat bran
wheat flour arabinoxylan
wheat-soluble arabinoxylan
whey
xylan
xylobiose
xylogalacturonic acid
xyloglucan
xylooligosaccharides
xylose
yeast glucan

