2'-chloro-4-nitrophenyl-beta-D-lactoside
methylumbellifery alpha-D-mannopyranoside
methylumbelliferyl-beta-D-cellobioside
methylumbelliferyl-beta-D-glucoside
methylumbellifery-beta-D-xyloside
4-O-methyl-glucurono-RBB-D-xylan
beta-1,6-D-glucan
alpha-1,5-L-arabinotriose
debranched arabinan
arabino-oligosaccharides
wheat arabinoxylan
aspenwood
Avicel-cellulose
AZCL-HEC
barley
beech wood xylan
bean cell xyloglucan
azurine cross-linked beta-glucan
birch
birch wood hemicellulose
CMC
AZCL-cellobiose
cello-oligosaccharides
soluble cellulose
chitin glycol
glycol chitosan
collodial hydrated chitin
corncob
cotton yarn
azurine cross-linked curdulan
cellodextrans
Man(6)GlcAc(2)Asn
potato pectin galactan
Carob galactomannan
AZCL-galactomannan
digalacturonic acid
beta-gentibiose
AZCL-glucomannan
guar gum galactomannan
HMC
inulo-oligosaccharides
laminaran
larch xylan
levanobiose
lichenin
pectic galactan
malto-oligosaccharides
ivory nut mannan
4-methylumbelliferyl beta-D-cellobioside
4-methylumbelliferyl beta-D-lactoside
4-methylumbelliferyl-(GlcNAc)3
4-methylumbelliferyl-N,N’-diacetylchitobioside
glucosamine
oNP-beta-D-galactopyranoside
o-nitrophenyl beta-D-cellobioside
oat spelts xylan
potato
OBR-HEC
OBR-LBG
sodium polypectate
esterified pectin
PASA
PASC
pNP-alpha-L-arabinofuranoside
pNP-beta-xylopyranoside
pNP alpha-D-galactopyranoside
pNP alpha-glucopyranoside
pNP alpha-D-mannopyranoside
pNP alpha-glucuronide
pNP alpha-L-arabinopyranoside
pNP alpha-L-rhamnopyranoside
pNP alpha-xylopyranoside
pNP galactoside
pNP beta-D-cellobiose
pNP beta-D-cellobioside
pNP beta-D-fucoside
pNP beta-D-glucopyranoside
pNP beta-D-glucose
pNP beta-D-lactoside
pNP beta-D-mannopyranoside
pNP beta-D-xylose
pNP beta-N-acetylgalactosamine
pNP beta-N-acetylglucosamine
pNP chitooligoside
pNP-rhamnose
PGA
proto-pectin
Remazol Brilliant Blue xylan
homogalacturonan
rhamno-oligosaccharides
beta-1,3-1,4-D-xylan
wheat straw
Na+-CMC
polysaccharides
sugar beet pulp
sugar cane
tamarind xyloglucan
transgalacto-oligosaccharides
trehalose dicarboxylate
umb-lactoside
corn bran
beta-1,4-xylan
alkyl-beta-D-xylopyranoside
barley xyloglucan
xylo-oligosaccharides
2'-chloro-4-nitrophenyl beta-lactoside
4MU-alpha-mannopyranoside
4MU-beta-D-cellobioside
4MU-beta-D-glucoside
4MU-beta-D-xyloside
beta-1,6-glucan
alpha-1,5-L-arabinotetraose
polymeric arabinan
soluble wheat arabinoxylan
aspen wood xylan
hydroxyethyl cellulose
azo-barley beta-glucan
beechwood xylan
beta-1,3-glucan
birch wood xylan
yeast peptone dextrose carboxymethyl cellulose
cellotetraose
insoluble cellulose
deacetylated chitin
soluble chitosan
cellodextrins
soy galactan
locust bean gum galactomannan
trigalacturonic acid
inulobiose
larch wood xylan
levanotriose
isomaltose
4MU-cellobioside
4MU-beta-D-lactoside
4MU-(GlcNAc)3
4-MU-(GlcNAc)2
oNPC
oat spelts
methylated pectin
acid swollen cellulose
pNPAraf
p-nitrophenyl beta-xylopyranoside
pNPGal
p-nitrophenyl alpha-glucopyranoside
p-nitrophenyl alpha-D-mannopyranoside
p-nirtophenyl alpha-glucuronide
pNPAra
p-nitrophenyl alpha-L-rhamnopyranoside
p-nitrophenyl alpha-xylopyranoside
pNP beta-D-galactoside
p-nitrophenyl beta-D-cellobiose
pNPC
pNP beta-fucoside
pNPG
p-nitrophenyl beta-D-glucose
pNPL
pNPM
p-nitrophenyl beta-D-xylose
p-nitrophenyl beta-N-acetylgalactosamine
p-nitrophenyl beta-N-acetylglucosamine
pNP chito-oligoside
p-nitrophenyl-rhamnoside
acid-insoluble polygalacturonic acid
orange peel
AZCL-xylan
xylogalacturonan
corn straw
soluble starch
pea xyloglucan
xyloglucan oligosaccharides
tamarind xyloglucan
rice koji
saponified hairy regions 
p-nitrophenyl-beta-D-lactoside
p-nitrophenyl beta-D-mannopyranoside
p-nitrophenyl beta-D-cellobioside
p-nitrophenyl beta-D-fucoside
p-nitrophenyl beta-D-glucopyranoside
p-nirtophenyl alpha-L-arabinopyranoside
pNPR
pNP alpha-xyloside
p-nitrophenyl beta-D-galactoside
p-nitrophenyl alpha-L-arabinofuranoside
pNPX
p-nitrophenyl alpha-D-galactopyranoside
pNP alpha-glucoside
methylester pectin
soluble oat spelt xylan
methylumberilliferyl-N,N’,N’’-triacetylchitobioside
4-methylumbelliferyl-(GlcNAc)2
maltotriose
levanotetraose
larchwood xylan
inulotriose
tetragalacturonic acid
azo-galactan
AZCL-dextran
deacetylated chitosan
cellotriose
Whatman cellulose
beta-1,4-glucan
birchwood xylan
barley (1,3)-(1,4)-beta-glucan
HEC
aspen wood D-xylan
insoluble wheat arabinoxylan
linear arabinan
alpha-1,5-L-arabinopentaose
4MU-Glc
alpha-1,5-L-arabinohexaose
AZCL-arabinan
corn fiber arbinoxylan
aspenwood xylan
beta-1,6-glucan
azo-birch wood xylan
azo-carboxymethyl cellulose
cellopentaose
Valonia cellulose
AZCL-galactan
pentagalacturonic acid
inuloheptaose
soluble larch xylan
levanopentaose
maltoheptaose
4-MU-beta-D-N, N'-diacetylchitotriose
insoluble oat spelt xylan
lemon pectin
pNP-beta-D-xyloside
pNP-alpha-D-galactoside
pNP-alpha-L-arabinoside
pNP cellobioside
pNP-beta-D-glucoside
pNP lactoside
pNP-beta-D-mannoside
raw corn starch
pNP mannoside
pNP glucoside
pNP arabinoside
pNP xyloside
pNP galactoside
citrus pectin
levanohexaose
hexagalacturonic acid
cellohexaose
alkali-swollen cellulose
oat spelt arabinoxylan
debranched alpha-1,5-L arabinan
corn hull
heptagalacturonic acid
apple pectin
modified hairy regions of pectin
AZCL-arabinoxylan

