Acremonium blochii
Acremonium persicinum
Acrophialophora nainiana
Agaricus bisporus
Athelia rolfsii
Aspergillus aculeatus
Aspergillus awamori
Aspergillus flavus
Aspergillus fumigatus
Aspergillus japonicus
Aspergillus kawachii
Aspergillus niger
Aspergillus oryzae
Aspergillus parasiticus
Aspergillus saitoi
Aspergillus shirousami
Aspergillus sojae
Aspergillus sp.
Aspergillus sulphureus
Aspergillus terreus
Aspergillus tubingensis
Aureobasidium pullulans
Bionectria ochroleuca
Bispora sp.
Botryotinia fuckeliana
Candida wickerhamii
Chaetomium brasiliense
Chaetomium thermophilum
Chondrostereum purpureum
Claviceps purpurea
Coccidioides immitis
Coccidioides posadasii
Cochliobolus carbonum
Cochlibolus heterostrophus
Cochliobolus sativus
Coprinopsis cinerea
Cryphonectria parasitica
Cryptococcus albidus
Cryptococcus flavus
Cryptococcus sp.
Daldinia eschscholzii
Emericella desertorum
Emericella nidulans
Fomitopsis palustris
Fomitopsis pinicola
Fusarium equiseti
Fusarium oxysporum
Fusarium solani subsp. cucurbitae
Geotrichum sp.
Gibberella sp. 75
Gibberella zeae
Gongronella sp.
Humicola grisea var. thermoidea
Humicola insolens
Hypocrea schweinitzii
Irpex lacteus
Isaria javanicus
Kluyveromyces lactis
Kluyveromyces marxianus
Kuraishia capsulata
Lentinula edodes
Leptosphaeria maculans
Magnaporthe grisea
Melanocarpus albomyces
Meripilus giganteus
Metarhizium anisopliae
Mortierella alliacea
Mucor circinelloides
Mucor Hiemalis
Mycocladus corymbifera
Neocallimastix frontalis
Neocallimastix patriciarum
Neotyphodium sp.
Neurospora crassa
Orpinomyces joyonii
Orpinomyces sp.
Paecilomyces thermophila
Paracoccidioides brasiliensis
Penicillium brasilianum
Penicillium canescens
Penicillium chrysogenum
Penicillium citrinum
Penicillium funiculosum
Penicillium janthinellum
Penicillium minioluteum
Penicillium occitanis
Penicillium purpurogenum
Penicillium simplicissimum
Penicillium sp.
Periconia sp.
Phaffia rhodozyma
Phanerochaete chrysosporium
Phycomyces nitens
Pichia angusta
Pichia pastoris
Piromyces equi
Piromyces sp.
Pleurotus ostreatus
Polyporus arcularius
Rhizopus oligosporus
Rhizopus oryzae
Rhizopus sp.
Robillarda sp.
Saccharomyces cerevisiae
Saccharomycopsis fibuligera
Schizophyllum commune
Sporobolomyces singularis
Stachybotrys echinata
Talaromyces emersonii
Thermoascus aurantiacus
Thermomyces lanuginosus
Thielavia terrestris
Trametes hirsuta
Trametes versicolor
Trametes multicolor
Trichoderma asperellum
Trichoderma harzianum
Trichoderma koningii
Trichoderma longibrachiatum
Trichoderma reesei
Trichoderma viride
Uromyces fabae
Verticillium dahliae
Volvariella volvacea
