Acrophialophora nainiana                   
Agaricus bisporus                          
Aspergillus aculeatus                      
Aspergillus awamori                        
Aspergillus niger                          
Aspergillus flavus                         
Aspergillus fumigatus                      
Aspergillus kawachi                        
Aspergillus oryzae                         
Aspergillus phoenicis                      
Aspergillus shirousami                     
Aspergillus sojae                          
Aspergillus sp.                            
Aspergillus sulphureus                     
Aspergillus terreus                        
Aspergillus tubingensis                    
Athelia rolfsii                            
Aureobasidium pullulans                    
Bionectria ochroleuca                      
Bispora sp.                                
Botryotinia fuckeliana                     
Candida wickerhamii (Capriotti)            
Chaetomium brasiliense                     
Chaetomium thermophilum                    
Chondrostereum purpureum                   
Claviceps purpurea                         
Coccidioides immitis                       
Coccidioides immitis Silveira              
Coccidioides posadasii                     
Cochlibolus carbonum                       
Cochliobolus carbonum                      
Cochliobolus sativus                       
Coprinopsis cinerea                        
Cryphonectria parasitica                   
Cryptococcus albidus                       
Cryptococcus flavus                        
Cryptococcus sp.                           
Daldinia eschscholzii                      
Emericella desertorum                      
Emericella nidulans (Aspergillus nidulans) 
Fomitopsis palustris                       
Fomitopsis pinicola                        
Fusarium equiseti                          
Fusarium oxysporum                         
Fusarium solani subspi cucurbitae          
Geotrichum sp.                             
Gibberella sp.                             
Gibberella zeae (Fusarium graminearum)     
Gibberella zeae                            
Gongronella sp.                            
Humicola grisea var. thermoidea            
Humicola insolens                          
Hypocrea schweinitzii                      
Irpex lacteus                              
Isaria javanica                            
Kluyveromyces lactis                       
Kluyveromyces marxianus                    
Kuraishia molischiana                      
Magnaporthe grisea                         
Melanocarpus albomyces                     
Metarhizium anisopliae var. acridum        
Mortierella alliacea                       
Mucor circinelloides                       
Mucor hiemalis                             
Mycopcladus corymbifera                    
Neocallimastix frontalis                   
Neocallimastix patriciarum                 
Neotyphodium sp.                           
Neurospora crassa                          
Orpinomyces joyonii                        
Orpinomyces sp.                            
Paecilomyces thermophila                   
Penicillium chrysogenum                    
Penicillium citrinum                       
Penicillium funiculosum                    
Penicillium janthinellum                   
Penicillium minioluteum                    
Penicillium purpurogenum                   
Penicillium simplicissimum                 
Penicillium sp.                            
Periconia sp.                              
Phaffia rhodozyma                          
Phanerochaete chrysosporium                
Phycomyces nitens                          
Pichia angusta (Hansenula polymorphia)     
Pichia pastoris                            
Piromyces equi                             
Piromyces sp.                              
Piromyces sp. E2                           
Rhizopus oligosporus                       
Rhizopus oryzae                            
Rhizopus sp. F78                           
Robillarda sp.                             
Saccharomyces cerevisiae                   
Saccharomycopsis fibuligera                
Schizophyllum commune                      
Sporobolomyces singularis                  
Stachybotrys echinata                      
Talaromyces emersonii                      
Thermoascus aurantiacus                    
Thermomyces lanuginosus                    
Thielavia terrestris                       
Trametes hirsuta                           
Trichoderma asperellum                     
Trichoderma harzianum                      
Trichoderma koningii                       
Trichoderma longibrachiatum                
Trichoderma reesei                         
Trichoderma sp.                            
Trichoderma viride                         
Uromyces fabae                             
Verticillium dahliae                       
Acremonium blochii                         
Fusarium solanii                           
Penicillium brasilianum                    
Meripilus giganteus                        
Penicillium sp. F63                        
Penicillium canescens                      
Penicillium enchinulatum  
Aspergillus oryzae
Aspergillus phoenicis
Coccidioides posadasii
Penicillium citrinum
Aspergillus awamori
Aspergillus shirousami
Debaryomyces occidentalis
Lipomyces kononenkoae
Humicola insolens
Penicillium purpurogenum
Aspergillus kawachi
Aspergillus niger
Meripilus giganteus
Aureobasidium pullulans
Emericella nidulans
Penicillium funiculosum
Trichoderma reesei
Emericella nidulans (Aspergillus nidulans)
Penicillium simplicissimum
Gibberella sp.
Mycopcladus corymbifera
Penicillium sp. F63
Rhizopus sp. F78
Candida albicans
Pichia angusta (Hansenula polymorphia)
Saccharomyces cerevisiae
Candida tsukubaensis
Mortierella alliacea
Mucor javanicus
Schizosaccharomyces pombe
Aspergillus tubingensis
Aspergillus aculeatus
Thielavia heterothallica
Kluyveromyces marxianus
Candida wickerhamii (Capriotti)
Humicola grisea var. thermoidea
Phanerochaete chrysosporium
Piromyces sp. E2
Sporobolomyces singularis
Aspergillus fumigatus
Coccidioides immitis
Daldinia eschscholzii
Fomitopsis pinicola
Kuraishia molischiana
Penicillium brasilianum
Periconia sp.
Piromyces sp.
Saccharomycopsis fibuligera
Talaromyces emersonii
Thermoascus aurantiacus
Agaricus bisporus
Aspergillus sulphureus
Bispora sp.
Coprinopsis cinerea
Irpex lacteus
Neocallimastix patriciarum
Orpinomyces sp.
Cochliobolus carbonum
Cryphonectria parasitica
Melanocarpus albomyces
Penicillium chrysogenum
Penicillium janthinellum
Aphanocladium album
Coccidioides immitis Silveira
Isaria javanica
Kluveromyces lactis
Trichoderma harzianum
Aspergillus sp.
Fusarium solani
Gongronella sp.
Penicillium minioluteum
Neurospora crassa
Neotyphodium sp.
Kluveromyces maxianus var. maxianus
Penicillium sp.
Aspergillus flavus
Athelia rolfsii
Botryotinia fuckeliana
Chondrostereum purpureum
Penicillium olsonii
Rhizopus oryzae
Aspergillus terreus
Bionectria ochroleuca
Chaetomium brasiliense
Emericella desertorum
Fomitopsis palustris
Fusarium equiseti
Fusarium solani subspi cucurbitae
Hypocrea schweinitzii
Stachybotrys echinata
Trichoderma koningii
Trichoderma viride
Mucor circinelloides
Phycomyces nitens
Piromyces equi
Cryptococcus flavus
Cryptococcus sp.
Neocallimastix frontalis
Orpinomyces joyonii
Penicillium echinulatum
Robillarda sp.
Trametes hirsuta
Trichoderma sp.
Fusarium oxysporum
Magnaporthe grisea
Trichoderma longibrachiatum
Candida oleophila
Kluyveromyces lactis
Pichia angusta
Pichia pastoris
Yarrowia lipolytica
Acremonium blochii
Trichoderma asperellum
Gibberella zeae
Chaetomium thermophilum
Hormoconis resinae
Thermomyces lanuginosus
Thielavia terrestris
Hansenula anomala
Phaffia rhodozyma
Uromyces fabae
Mucor hiemalis
Geotrichum sp.
Metarhizium anisopliae var. acridum
Aspergillus sojae
Claviceps purpurea
Cryptococcus albidus
Penicillium canescens
Acrophialophora nainiana
Cochliobolus sativus
Gibberella zeae (Fusarium graminearum)
Paecilomyces thermophila
Schizophyllum commune
Verticillium dahliae
Aspergillus japonicus
Metarhizium anisopliae
Rhizopus oligosporus
Lipomyces starkeyi
Synecephalastrum racemosum
Williopsis saturnus
Arxula adeninivorans
Pichia jadinii
Chaetomium gracile
Magnaporthe oryzae
Rhizomucor miehei