Zymography with Congo Red stain
Somogyi-Nelson Assay
Somogyi-Nelson assay
Somogyi-Nelson
somogyi-nelson
Congo Red Plate Assay
Congo Red Plate sssay
Congo Red Plate
congo red plate
Reducing Sugar Assay
Reducing Sugar assay
PAHBAH Assay
PAHBAH assay
PAHBAH
Plate Assay
Plate assay
plate assay
plate Assay
RGAse Plate Assay
RGAse Plate assay
RGAse plate assay
Viscometry
viscometry
Dinitrosalicylic Acid Method
Dinitrosalicylic Acid method
dinitrosalicylic acid method
Microtitre Plate
microtitre plate
pNP-releasing Assay
pNP-releasing assay
Standard Assay
standard assay
Glucose Analyzer
glucose analyzer
Glucose Oxidase-Peroxidase Method
Glucose Oxidase-Peroxidase method
glucose oxidase-peroxidase method
Zymography
zymography
Dye-releasing Assay
Dye-releasing assay
dye-releasing assay
Cup-plate Assay
Cup-plate assay
cup-plate assay
Pectin-Agarose Overlay Method
Pectin-Agarose Overlay method
Pectin-Agarose overlay method
pectin-agarose overlay method
Pectin-Agarose Overlay
Pectin-Agarose overlay
pectin-agarose overlay
Fluorimetric Microassay
Fluorimetric microassay
fluorimetric microassay
In-Gel Activity Assay
In-Gel Activity assay
In-Gel activity assay
in-gel activity assay
In-Gel
in-gel
Remazol Brilliant Blue Overlay Method
Remazol Brilliant Blue Overlay method
Remazol Brilliant Blue overlay method
remazol brilliant blue overlay method
Remazol Brilliant Blue Overlay
Remazol Brilliant Blue overlay
remazol brilliant blue overlay
Agar Diffusion Assay
Agar Diffusion assay
agar diffusion assay
Agar Diffusion
agar diffusion
Bicinchoninic and Dinitrosalicylic acid Methods
Bicinchoninic Method
Bicinchoninic method
bicinchoninic method
Glucose Oxidase-Peroxidase Method
Glucose Oxidase-Peroxidase method
gucose oxidase-peroxidase method
Stained IEF
stained IEF
MALDI-TOF
Boehringer Glucose/Fructose Test
Boehringer Glucose/Fructose test
Boehringer glucose/fructose test
Boehringer glucose/fructose
Neocuprome Method
Neocuprome method
neocuprome method
Neocuprome
neocuprome
High Performance Anion-Exchange Chromatography with Pulsed Amperometric Detection
high performance anion-exchange chromatography with pulsed amperometric detection
anion-exchange chromatography
Activity Staining
activity staining
Zymogram, Coomassie Blue Gel-based Assay
Zymogram
zymogram
Coomassie Blue Gel-based Assay
Coomassie Blue Gel-based assay
coomassie blue gel-based assay
Coomassie Blue Gel-based
Blue Gel-based Assay
Blue Gel-based assay
blue gel-based assay
Beta-Glucuronidase (GUS) Assay
β-Glucuronidase (GUS) Assay
Beta-Glucuronidase (GUS) assay
β-Glucuronidase (GUS) assay
Beta-Glucuronidase Assay
β-Glucuronidase Assay
Beta-Glucuronidase assay
β-Glucuronidase assay
GUS
beta-glucuronidase assay
β-glucuronidase assay
High Performance Liquid Chromatography
high performance liquid chromatography 
Cone Plate-type Viscometry
cone plate-type viscometry
Cone-Plate Type Viscometry
cone-plate type viscometry
Glucose Oxidase-Peroxidase Assay
Glucose Oxidase-Peroxidase assay
glucose oxidase-peroxidase assay
Plate Assay
plate assay
Filter Paper Assay
Filter Paper assay
filter paper assay
Cellulose-binding Assay
Cellulose-binding assay
cellulose-binding assay
Neocuproine Method
Neocuproine method
neocuproine method
Neocuproine Assay
Neocuproine assay
neocuproine assay
Ferricyanide Test
Ferricyanide test
ferricyanide test
Ferricyanide Assay
Ferricyanide assay
ferricyanide assay
Bicinchoninic Acid Assay
Bicinchoninic Acid assay
Bicinchoninic acid assay
bicinchoninic acid assay
Dye-based Assay
Dye-based assay
dye-based assay
Dye-based
dye-based
Stain-based Assay
Stain-based assay
stain-based assay
Stain-based
stain-based
Agar-Diffusion Assay
Agar-Diffusion assay
agar-diffusion assay
Agar-Diffusion
agar-diffusion
Reducing Sugar Assay
Reducing Sugar assay
reducing sugar assay
Milner-Avigad Method
Milner-Avigad method
milner-avigad method
Milner Avigad Method
Milner Avigad method
milner avigad method
Milner-Avigad
Milner Avigad
Milner-Avigad Assay
Milner-Avigad assay
milner-avigad assay
Milner Avigad Assay
Milner Avigad assay
milner avigad assay
Substrate Gel Electrophoresis
Substrate Gel electrophoresis
substrate gel electrophoresis
Glucose Hexokinase Assay
Glucose Hexokinase assay
glucose hexokinase assay
Microtiter Plate Assay
Microtiter Plate
microtiter plate
Microtiter Plate assay
microtiter plate assay
Coomassie Blue Stain-based Assay
Coomassie Blue Stain-based assay
Coomassie blue stain-based assay
coomassie blue stain-based assay
Coomassie Blue Stain-based 
Coomassie Blue Stain-based 
Coomassie blue stain-based 
coomassie blue stain-based 
Spectrophotometric Assay
Spectrophotometric assay
spectrophotometric assay
Congo Red Cup-Plate Diffusion Assay
Congo Red Cup-Plate Diffusion assay
Congo Red Cup-Plate diffusion assay
Congo Red cup-plate diffusion assay
congo red cup-plate diffusion assay
Congo Red Cup-Plate Diffusion
Congo Red Cup-Plate diffusion
Congo Red cup-plate diffusion
congo red cup-plate diffusion
Spectrophotometry
spectrophotometry
Stain-based Plate Assay
Stain-based Plate assay
Stain-based plate assay
stain-based plate assay
Stain-based plate
stain-based plate
Gel-based Assay
Gel-based assay
gel-based assay
Glucose CII Test Wako
Glucose CII Test wako
Glucose CII test wako
glucose CII test wako
Glucose CII test Wako
glucose CII test Wako
Continuous Spectrophotometric Assay
Continuous Spectrophotometric assay
Continuous spectrophotometric assay
continuous spectrophotometric
Continuous Spectrophotometric
Continuous Spectrophotometric
Continuous spectrophotometric
continuous spectrophotometric
Glucose Oxidase Assay
Glucose Oxidase assay
Glucose oxidase assay
glucose oxidase assay
PAHBAHA assay
PAHBAHA
Calcoflour White Zymogram
Calcoflour White zymogram
Calcoflour white zymogram
calcoflour white zymogram
4-methylumbelliferyl-releasing Assay
4-methylumbelliferyl-releasing assay
Trinder Glucose Activity Test
Trinder Glucose Activity test
Trinder Glucose activity test
Trinder glucose activity test
trinder glucose activity test
Overlay Method
Overlay method
overlay method
Fluorescence spectrophotometry
fluorescence spectrophotometry
Congo Red Zymogram
Congo Red zymogram
Congo red zymogram
congo red zymogram
Dinitrosalicylic Acid Method and Agarose Overlay
dinitrosalicylic acid method and agarose overlay
Agarose Overlay
Agarose overlay
agarose overlay
Congo Red Plate Assay and Reducing Sugar Assay
congo red plate assay and reducing sugar assay
Neocuprione Assay
Neocuprione assay
neocuprione assay
Dinitrosalicylic Acid Method and Viscometry
dinitrosalicylic acid method and viscometry
dinitrosalicylic acid reagent
Dinitrosalicylic acid reagent
Dinitrosalicylic Acid reagent
Dinitrosalicylic Acid Reagent
Phenol/Sulfuric Acid Method
Phenol/Sulfuric Acid method
Phenol/Sulfuric acid method
phenol/sulfuric acid method
Ferricyanide Reduction Method
Ferricyanide Reduction method
Ferricyanide reduction method
ferricyanide reduction method
Dye Based Assay
Dye Based assay
Dye based assay
dye based assay
Fluorometric Assay
Fluorometric assay
fluorometric assay
Fluorometric Microplate Assay
Fluorometric Microplate assay
Fluorometric microplate assay
fluorometric microplate assay
Fluorometric Microplate
Fluorometric microplate
fluorometric microplate
Coomassie Blue Plate Assay and Dinitrosalicylic Acid Method
coomassie blue plate assay and dinitrosalicylic acid method 
DC Protein Assay and Product Analysis
DC protein assay and product analysis
DC orotein assay
Microtitre Plate Assay
Microtitre Plate assay
Microtitre plate assay
microtitre plate assay
Microtitre Plate
Microtitre plate
microtitre plate
Methylumbelliferyl-Releasing Assay
Methylumbelliferyl-Releasing assay
methylumbelliferyl-releasing assay
Methylumbelliferyl-Releasing
methylumbelliferyl-releasing
pNP-Releasing Assay
pNP-Releasing assay
pNP-releasing assay
pNP-Releasing
pNP-releasing
Orcinol Reagent Assay
Orcinol Reagent assay
Orcinol reagent assay
orcinol reagent assay
Orcinol Reagent
Orcinol reagent
orcinol reagent
Methylumbelliferone-Releasing Assay
Methylumbelliferone-Releasing assay
Methylumbelliferone-releasing assay
methylumbelliferone-releasing assay
oNP-Releasing Assay
oNP-Releasing assay
oNP-releasing assay
dinitrosalicylic Acid Method and pNP-Releasing Assay
dinitrosalicylic Acid Method and pNP-Releasing assay
dinitrosalicylic Acid Method and pNP-Releasing
Gluco-Statt Assay
Gluco-Statt assay
gluco-statt assay
Gluco-Statt
Gluco Statt Assay
Gluco Statt assay
gluco statt assay
Gluco Statt
Boehringer-Mannheim Assay
Boehringer-Manneheim Method
Boehringer-Mannheim assay
Boehringer-Manneheim method
Boehringer Mannheim Assay
Boehringer Manneheim Method
Boehringer Mannheim assay
Boehringer Manneheim method
boehringer-mannheim Assay
boehringer-manneheim Method
boehringer-mannheim assay
boehringer-manneheim method
boehringer mannheim Assay
boehringer manneheim Method
boehringer mannheim assay
boehringer manneheim method
Glucose CII Test by Wako
glucose CII test by wako
glucose CII test
Glucose CII Test
Glucose CII test
Plate Assay and Dinitrosalicylic Acid Method
Differential Scanning Calorimetry and Product Analysis
Differential Scanning Calorimetry
Differential Scanning calorimetry
Differential scanning calorimetry
differential scanning calorimetry
Calcoflour Staining and colorimetry
Calcoflour Staining
Calcoflour staining
calcoflour staining
Colorimetry
colorimetry
N-acetylglucosamine colorimetric assay
colorimetric assay
N-acetylglucosamine colorimetric
Calcoflour Staining
Calcoflour staining
calcoflour staining
Remazol-Brilliant-Violet Plate Assay
Remazol-Brilliant-Violet Plate assay
Remazol-Brilliant-Violet plate assay
remazol-brilliant-violet plate assay
Remazol Brilliant Violet Plate Assay
Remazol Brilliant Violet Plate assay
Remazol Brilliant Violet plate assay
remazol brilliant violet plate assay
MU-Releasing Assay
MU-Releasing assay
MU-releasing assay
Dye-based Plate Assay
Dye-based Plate assay
Dye-based plate assay
dye-based plate assay
Dye-based Plate
Dye-based Plate
Dye-based plate
dye-based plate
Agarose Overlay Method
Agarose Overlay method
Agarose overlay method
agarose overlay method
Agarose-Overlay Method
Agarose-Overlay method
Agarose-overlay method
agarose-overlay method
Biocon kit
biocon kit
Agarose-Overlay Method and Congo Red
Nephelometric Assay
Nephelometric assay
nephelometric assay
Soomogyi-Nelson Assay
Soomogyi-Nelson assay
Soomogyi-nelson assay
soomogyi-nelson assay
Soomogyi Nelson Assay
Soomogyi Nelson assay
Soomogyi nelson assay
soomogyi nelson assay
Schales Method
Schales method
schales method
Schales Assay
Schales assay
schales assay
Bicinchoninic Acid Assay
Bicinchoninic Acid assay
Bicinchoninic acid assay
bicinchoninic acid assay
Bernfeld Assay
Bernfeld assay
bernfeld assay
Reductometric Sugar Determination
Reductometric Sugar determination
Reductometric sugar determination
reductometric sugar determination
D-Glucose UV Test
D-Glucose UV test
D-glucose UV test
d-glucose UV test
Ecoline S+ kit
ecoline S+ kit
Glucose-Oxidase-Peroxidase Method
Glucose-Oxidase-Peroxidase method
glucose-oxidase-peroxidase method
Glucose-Oxidase-Peroxidase Assay
Glucose-Oxidase-Peroxidase assay
glucose-oxidase-peroxidase assay
Reducing-Sugar Assay
Reducing-Sugar assay
reducing-sugar assay
Reducing Sugar Assay
Reducing Sugar assay
reducing sugar assay
Nitrate Silver-Staining Method
Nitrate Silver-Staining method
nitrate silver-staining method
Nitrate Silver-Staining Assay
Nitrate Silver-Staining assay
nitrate silver-staining assay
Multifrequency EPR spectroscopy
multifrequency EPR spectroscopy
EPR
EPR spectroscopy
high-field EPR spectroscopy
high field EPR spectroscopy
ENDOR
high field EPR
method of Lowry
Method of Lowry
specific assay
Specific assay
radiometric assay
Radiometric assay
Egg-Yolk Agar Assay
Egg-Yolk Agar assay
Egg-Yolk agar assay
egg-yolk agar assay
Egg Yolk Agar Assay
Egg Yolk Agar assay
Egg Yolk agar assay
egg yolk agar assay
Egg-Yolk Plate Assay
Egg-Yolk Plate assay
Egg-Yolk plate assay
egg-yolk plate assay
Egg Yolk Plate Assay
Egg Yolk Plate assay
Egg Yolk plate assay
egg yolk plate assay
Egg-Yolk Assay
Egg-Yolk assay
egg-yolk assay
Egg Yolk Assay
Egg Yolk assay
egg yolk assay
scintillation spectroscopy
Plate method
Cellulose binding assay
cellulose binding assay
methods of Poutanen and Sundberg
method of Poutanen and Sundberg
test combination kit
colorimetric method
SE hydrolase assay
SE hydrolase assays
liquid scintillation counting
densitometric scanning
method described by Miller
dinitrosalicylic acid reagent
GALACTAZYME tablets
galactazyme tablets
GALACTAZYME tablet
galactazyme tablet
HPAEC
High performance anion exchange chromatography
high performance anion exchange chromatography
normal phase HPLC