xyn11F  
man5D   
cbh6C   
cep61A  
xeg12A  
rhg28A  
abn43A  
man5A   
gan53A  
cbh7A   
rha78A  
rha78B  
xyn11A  
amy13A  
amy13C  
gla15B  
pga28B  
xyl3A   
abf51A  
abf54B  
gla15A  
inx32A  
xyn11B  
pga28A  
chi18A  
bgl3A   
bgn30A  
xyn10A  
xyn11C  
egl12A  
egl12B  
bgl3A3  
bgl3A1  
bgl3A2  
mnd2A   
mel27A  
rhg28B  
pgx28X  
pgx28A  
pgx28B  
pgx28C  
pga28D  
rgx28B  
pga28C  
pga28I  
pga28II 
pga28E  
xyl3D   
agl31A  
lacA    
mel27B  
mel31C  
inu32B  
suc32A  
inu32A  
mel36C  
egl5A   
egl5B   
axh62A  
agu67A  
cbh7B   
egl74C  
suc32B  
xyn10C  
exg5A   
egl7B   
ams47S  
csn2A   
xgh28A  
xyn10B  
abf54A  
egl12C  
egl12D  
pga28   
bgl1B   
bgl3B   
ams47A  
MLG12B  
MLG16B  
EXG55A  
exg5B   
cbh6A   
cbh6B   
MLG16A  
lam17A  
chi18B  
exg5D   
XEG2A   
hex20A  
mel27D  
xyl3B   
bgl3C   
agl31C  
agl31B  
agd31A  
ams38B  
abn43B  
man5B   
man5C   
egl5C   
egl7A   
xbh74A  
gal5A   
xeg74A  
mel36F  
arb93A  
csn75B  
bgl1D   
cbh7A1  
egl6B   
cbh7B1  
cbh7B2  
cbh6D   
egl6D   
tre37A  
lac2A   
bgl3N   
xyn10F  
egl45A  
tre65A  
agl13A  
egl45B  
end85M  
mel36A  
egl5D   
bgn5A   
arb93X  
ams47C  
xyn10D  
xyn7A   
dex49B  
dex49A  
abf51B  
inx32D  
inx32P1 
inx32P2 
inx32P3 
inu32C  
bgl1A   
lam16A  
xeg74B  
lam55A  
egl9B   
chi18C  
gla15C  
gla15D  
gla15E  
pga28F  
pga28G  
pga28H  
pga28J  
pga28K  
pga28L  
pga28M  
pgx28N  
pgx28O  
pgx28P  
exg17B  
hex20B  
exc20B  
bgn30P  
lam55M  
mut71A  
gls2A   
egl45E  
gal5F   
xyn11G  
exg55B  
csn75A  
xyl43B  
abf43B  
abf51C  
inx32E  
agl36A  
xynA    
abf43C  
abf54B1 
abf54B2 
chi18D
msd47A2
msd47S
msd47A
msd47C1
msd47C2
amy13C
amy13A
abf43B
abf43C
abf51A
abf51C
abf51B
abf54B
abf54A
abf54B1
abf54B2
mel27A
mel27B
mel27D
mel27C
mel36C
mel36F
mel36A
mel36B
agl13B
agl13A
agl13F
agl31A
agl31C
agl31B
agu67A
rha78A
rha78B
agd31A
gan53A
axh62A
lac2A
lacA
bgl1B
bgl1D
bgl1A
bgl3A
bgl3A1
bgl3A2
bgl3A3
bgl3B
bgl3C
bgl3N
man26A
man26B
man26C
man5D
man5A
man5B
man5C
mnd2B
mnd2A
xyl3A
xyl3D
xyl3B
xyl43B
cbh6C
cbh6A
cbh6B
cbh6D
cbh7A
cbh7B
cbh7C
cbh7A1
cbh7A2
cbh7B1
cbh7B2
cep61A
chi18A
chi18B
chi18C
chi18D
csn2A
csn75A
csn75B
dex49A
dex49B
abn43A
abn43B
bgn30A
bgn30P
bgn5A
bgn5B
inu32B
inu32A
inu32C
pga28A
pga28B
pga28C
pga28D
pga28E
pga28I
pga28II
pga28
pga28F
pga28G
pga28H
pga28J
pga28K
pga28L
pga28M
rhg28A
rhg28B
egl12A
egl12B
egl12C
egl12D
egl12a
egl45A
egl45B
egl45E
egl5A
egl5B
egl5C
egl5D
egl6B
egl7B
egl7A
egl74C
egl9B
exg17B
exg5A
exg5B
exg5D
exg5C
exg55B
EXG55A
exg55A
arb93A
arb93X
gls2A
inx32A
inx32E
inx32D
pgx28A
pgx28B
pgx28C
pgx28X
pgx28N
pgx28O
pgx28P
rgx28B
gal5A
gal5F
gla15A
gla15B
gla15P
gla15C
gla15D
gla15E
hex20A
hex20B
suc32A
suc32B
ipu49A
lam16A
lam17A
lam55A
lam55M
lam81A
lic12B
lic16A
mlg16B
mlg16A
mut71A
end85M
ogl13A
xbh74A
tre65A
xyn10A
xyn10C
xyn10F
xyn10B
xyn10P
xyn10D
xyn11F
xyn11A
xyn11B
xyn11C
xyn11G
xyn7A
xgh28A
xeg12A
XEG12A
xeg74A
xeg74B
amy13B
gus79A
xyl43A
chi18K
neu33A
suc31A
xyl11A
abf62A