xyn6                    
CEL4                    
cel3                    
cel1                    
XEG, xgeA               
rhgA                    
ara1, ABNA              
man1                    
gal1                    
cbh1                    
rhaA                    
rhaB                    
exlA or xynA            
amyl I                  
amylIII                 
GA I                    
pgx2                    
Xaw1 or xyl             
AwabfA                  
AwabfB                  
GLAA                    
inu1                    
xylB or xynB            
pecA or Pc2             
pecB, P1 or P3          
ChiB1                   
Neg1                    
afman, manF, MANI/MANII 
xynA, xylA              
xynA                    
xylB, xynG1             
xynC, xylC              
cekA or CMCase-I        
cel12B                  
CB-1                    
EX-1                    
EX-2                    
AkabfA                  
AkabfB                  
Ak-RhaA or Akrhm78      
xynA or xlnC            
XEG12A                  
GLAA or G1              
mndA                    
aglA                    
rhgB                    
pgaX                    
pgxA                    
pgxB                    
pgxC                    
pgaD                    
RGXB                    
pgaA                    
pgaB                    
pgaC                    
pgaI                    
pgaII                   
pgaE                    
xlnD                    
lacA                    
aglB                    
aglC                    
inuB                    
suc1                    
inuA1                   
inuA                    
abnA                    
eng1                    
eglB, eng1              
abfA                    
galA                    
abfB                    
axhA                    
cbhA                    
cbhB                    
eglC                    
xlnD, XLO2              
bgl1                    
sucB                    
xynF3                   
xlnA, xynG2             
celA                    
pga                     
xylA                    
exg1, exgA              
celB                    
abfB, A0Ara54A          
msdS                    
xynX1                   
csx                     
xghA                    
pgaII, pg2              
aguA                    
xynII                   
xynI                    
cel12C                  
cel12D                  
cel12A                  
xyn11A                  
Bcpga1                  
BcPga2                  
PG3                     
BcPga4                  
BcPga5                  
Pga6                    
bglB                    
gla                     
cppg1, endo-PG          
cpxy12                  
bgl2                    
AMN1                    
xyl1                    
mlg2                    
mlg1                    
exg1                    
exg2                    
xyl2                    
cbh-1                   
cmc1                    
xlnA                    
xlnB                    
xgeA or MLG1            
btgC                    
chiB                    
exgD                    
xgeA                    
nagA                    
aglD                    
xlnD or xylA            
bxlB                    
bglC                    
agdC or agdD            
agdB                    
msd2                    
abnB                    
eglA                    
eglB                    
OREX or xgcA            
eg2                     
Fogal1                  
eg1                     
XEG                     
Aga-F75                 
xylA or xyl19           
xylB                    
fg03054.1               
csn2                    
bgl4                    
xyn2, xyl2              
cmc3                    
exo1                    
cel6A or avi2           
cel6B                   
cel7B                   
cen1                    
cel2                    
cel4, cex3              
PjChi-1                 
KINTH1                  
bgln                    
xyl6                    
xyn33 or xyl2           
xyn22 or xyl1           
cel45A                  
cel7a                   
Atm1p                   
agdA                    
mce                     
endo-M                  
celD                    
celC                    
Pt xynA                 
abnx                    
MSDC                    
xynD                    
xynC                    
xynB                    
egl2                    
dex1                    
abf2                    
agl1                    
inuD                    
P-1                     
P-2                     
P-3                     
inuC                    
egv or cel45a           
cbhII or cbh50          
cbhI                    
xgh74B                  
pce1                    
cel5A                   
cel3A                   
cel9B                   
cel1A                   
chi3                    
amyC                    
amyD                    
amyB                    
RoGA                    
rpg1                    
rpg2                    
rpg3                    
rpg4                    
rpg5                    
rpg6                    
rpg7                    
rpg8                    
rpg9                    
rpg10                   
rpg11                   
rpg12                   
rpg13                   
rpg14                   
rpg15                   
rpg16                   
aga-F78                 
bgl2p or gp29           
bglA                    
ga                      
gla1                    
eg-1 or thEG            
exc1y                   
exc2y                   
tag83                   
xyn2                    
chit33                  
chi1                    
exc1                    
exc2                    
bgn13.1                 
mutA                    
egl1                    
xyn1                    
cel12A or eg1           
gls93                   
bgl1A                   
bxl1                    
egl5                    
egl3                    
abf1                    
cbh2                    
cel61a or egl4          
cel74a                  
6Gal                    
Uf-INV1                 
xynG                    
BGN3.2                  
xlnB, xyn2, xynB, xynG1 
CSN1                    
xynF1 or xlnF1          
BGL or bgl1             
bgl3                    
abfII                   
abfIII                  
inuE                    
xyn11F63                
abf3                    
PfabfB1                 
PfabfB2                 
egl1, Pe-egl1           
chit42                  
chit37
mns1B, fman1B, manA, msdS
msdS
AMN1
msdC
amylIII
amy
AMY1, AMY 26076
LKA1
abfII
abf3
AwabfA
AkabfA
abfA
abfIII
abf2
AwabfB
AkabfB
abfB
abfB, A0Ara54A
PfabfB1
PfabfB2
abf1
aglA
aglB
aglD
agl1
aglI, agl1
aglIII, agl3
aglC
Aga-F75
aga-F78
aglII, agl2
CAMAL2
agdA
agdC, agdD
agdB
agl, agl1
aguA
rhaA
rhaB
Ak-RhaA or Akrhm78
gal1
galA
axhA
lacA
bglB
bgl4
cel1A
bglA
bgl2
EX-1
EX-2
CB-1
bgl1
bglC
bgln
BGL or bgl1
bgl3
cel3A
BGL1
BGL2
cel3a
bgl1A
manA
CEL4
man1
afman, manF, MANI/MANII
manB, mndA
mndA
Xaw1 or xyl
xlnD
xlnD, XLO2
xylA
xlnD or xylA
bxlB
bxl1
xylB
cel3
cel6A or avi2
cel4, cex3
celA
celC
cbhII or cbh50
cbh2
cbh1
cbhA
cbhB
cbh-1
cbhC
exo1
cel2
cel7b
cbhI
cel1
cel61a or egl4
ChiB1
chiB
PjChi-1
chi1
chit37
chit33
chit42
csx
CSN1
csn2
dex1
ara1, ABNA
abnA
abnB
Neg1
neg1
inuB
inuA
inuC
pgx2
pecA or Pc2
pgaA
pgaB
pgaC
pgaD
pgaE
pgaI
pgaII
pga
pgaB, pg1, pga1, pgaI
pgaII, pg2
Pga6
Bcpga1
BcPga2
PG3
BcPga4
BcPga5
cppg1, endo-PG
PGN1
pg1
pg2
rpg1
rpg2
rpg3
rpg4
rpg5
rpg6
rpg7
rpg8
rpg9
rpg10
rpg11
rpg12
rpg13
PGU1
rhgA
rhgB
cekA or CMCase-I
cel12B
eglA
cel12A
cel12C
cel12D
eg2
cel12A or eg1
cel45A
mce
egv or cel45a
pce1
egl5
eng1
eglB, eng1
cmc1
cmc3
cen1
celB
celD
egl1, Pe-egl1
egl2
cel5A
eg1
eg-1 or thEG
egl3
cel6B
eglB
cel7B
cel7a
egl1
eglC
cel9B
bgl2p or gp29
exg1, exgA
exg2
SoEXG1
exgD
KlEXG1
HpEXG1
exg1p, Scw6
SPR1, SSG1
YlEXG1
BGN3.2
exg1
tag83
fg03054.1
abnx
gls93
inu1
inuE
inuA1
inuD
pgxA
pgxB
pgxC
pgaX
PGX1
rpg14
rpg15
rpg16
RGXB
Fogal1
6Gal
GLAA
GA I
GLAA or G1
glaA
gla
gamP
amyB
amyC
amyD
RoGA
ga
gla1
HEX1
nagA
exc1y
exc2y
exc2
exc1
suc1
Suc1
Suc2
inv1
Uf-INV1
ipuA
btgC
bgn13.1
mlg2
licA
mlg1
xgeA or MLG1
mutA
agn1
endo-M
im
OREX or xgcA
treA
Atm1p
xlnA
xynA, xylA
xynA or xlnC
xynF3
xynF1 or xlnF1
xynX1
xynII
cpxy12
xyn33 or xyl2
xyl6
xynD
xynA
xynC
TAX
xyn6
exlA or xynA
xynf11a
xylB, xynG1
xynC, xylC
xylB or xynB
xlnB, xyn2, xynB, xynG1
xlnA, xynG2
xynG1, xynG, xynB, xlnB
xynI
xyn11A
xyl1
xyl2
xlnB
xylA or xyl19
xyn2, xyl2
xyn22 or xyl1
Pt xynA
xynB
xyn11F63
xyn2
xyn1
xynG
xghA
XEG, xgeA
XEG12A
xgeA
XEG
xgh74B
cel74a
mds 1
amyl I
lka2
xyp1
chi3
chi2
chit1, chi11
CBH1
WsEXG1
GAA
cgxA
cgXb
MoCel12A
MoCel12B
MoCel12C
bgl