zymogram
Somogyi-Nelson assay
Congo Red plate assay
reducing sugar assay
PAHBAH Assay
plate assay
viscometry
product analysis assay
RGAse plate assay
dinitrosalicyclic acid method
microtitre plate assay
pNP-releasing assay
glucose oxidase-peroxidase method
dye-releasing assay
cup-plate assay
pectin-agarose overlay method
fluorometric assay
in-gel activity assay
Remazol Brilliant Blue Overlay method
bicinchoninic acid assay
stained IEF
MALDI-TOF
Boehringer glucose test
neocuproine method
high performance anion-exchange chromatography with pulsed amperometric detection
activity staining
Coomassie Blue gel-based assay
beta-glucuronidase assay
cone-plate type viscometry
filter paper assay
stain-based assay
AZCL-HE-cellulose agar diffusion 
Milner-Avigad Method
substrate gel electrophoresis
glucose hexokinase assay
spectrophotometric assay
Congo Red cup-plate diffusion assay
stain-based plate assay
glucose CII test Wako
standard assay
continuous spectrophotometric assay
Calcoflour White zymogram
4-methylumbelliferyl-releasing assay
Trinder Glucose Activity Test
colorimetric assay
enzyme-linked immunosorbent assay
phenol/sulfuric acid method
enzyme-coupled colorimetric assay
cellulose azure plate assay
Fluoroesence spectrophotometry
Roche/Hitachi Analysis
differential scanning calorimetry
gel-based assay
arsenomolybdate method
mutarose-glucose oxidase method
D-glucose UV Test
response-surface method
nitrate-silver straining method
